// Jest Snapshot v1, https://goo.gl/fbAQLP

exports[`Asset Tray tests renders asset tray 1`] = `
<div
  className="closed"
  id="UI-bottom-panel"
  onMouseDown={[Function]}
>
  <button
    className="drawer-toggle"
  >
    [Open Menu]
  </button>
  <div
    id="asset-selection-menu"
  >
    <button
      className="active-category"
      id="vr-viewer-mode"
      onClick={[Function]}
    >
      First-Person Viewer
    </button>
    <div
      id="categories-list"
    >
      <button
        className="asset-category category-equipment"
        data-category="equipment"
        onClick={[Function]}
      >
        Equipment
      </button>
      <button
        className="active-category asset-category category-construction"
        data-category="construction"
        onClick={[Function]}
      >
        Construction
      </button>
      <button
        className="asset-category category-people"
        data-category="people"
        onClick={[Function]}
      >
        People
      </button>
    </div>
  </div>
  <div
    id="asset-picker"
  >
    <div
      className="button-container"
    >
      <button
        className="asset asset-undefined"
        data-category="construction"
        onClick={[Function]}
        style={
          Object {
            "background": "url(undefined) no-repeat center center",
            "backgroundSize": "100% 100%",
          }
        }
      />
      <div />
    </div>
    <div
      className="button-container"
    >
      <button
        className="asset asset-undefined"
        data-category="construction"
        onClick={[Function]}
        style={
          Object {
            "background": "url(undefined) no-repeat center center",
            "backgroundSize": "100% 100%",
          }
        }
      />
      <div />
    </div>
  </div>
</div>
`;
