// Jest Snapshot v1, https://goo.gl/fbAQLP

exports[`Asset Controls Component renders asset controls 1`] = `
<div
  id="UI-selected-asset-options"
  onMouseDown={[Function]}
>
  <span
    id="selected-asset-label"
  >
    <span
      className="selected-asset-label-title"
    >
      Currently selected: 
      Bed-1
    </span>
  </span>
  <button
    id="deselect"
    onClick={[Function]}
    onMouseEnter={[Function]}
    onMouseLeave={[Function]}
  >
    <svg
      enableBackground="new 0 0 125 125"
      height="55px"
      version="1.1"
      viewBox="0 0 125 125"
      width="55px"
      x="0px"
      xmlns="http://www.w3.org/2000/svg"
      y="0px"
    >
      <g
        id="Layer_8"
      >
        <path
          d="M62.5,7.2C31.9,7.2,7.2,31.9,7.2,62.5s24.8,55.3,55.3,55.3s55.3-24.8,55.3-55.3S93.1,7.2,62.5,7.2z M62.5,26.7c5.2,0,10.1,1.1,14.6,3.1L29.8,77.1c-2-4.5-3.1-9.4-3.1-14.6C26.7,42.7,42.7,26.7,62.5,26.7z M62.5,98.3c-5.2,0-10.1-1.1-14.6-3.1l47.3-47.3c2,4.5,3.1,9.4,3.1,14.6C98.3,82.3,82.3,98.3,62.5,98.3z"
          fill="#DC7627"
          stroke="#000000"
          strokeMiterlimit="10"
          strokeWidth="3"
        />
      </g>
    </svg>
  </button>
</div>
`;

exports[`Asset Controls Component renders asset controls 2`] = `
<div
  id="UI-selected-asset-options"
  onMouseDown={[Function]}
>
  <span
    id="selected-asset-label"
  >
    <span
      className="selected-asset-label-title"
    >
      Currently selected: 
      Bed-1
    </span>
  </span>
  <button
    id="deselect"
    onClick={[Function]}
    onMouseEnter={[Function]}
    onMouseLeave={[Function]}
  >
    <svg
      enableBackground="new 0 0 125 125"
      height="55px"
      version="1.1"
      viewBox="0 0 125 125"
      width="55px"
      x="0px"
      xmlns="http://www.w3.org/2000/svg"
      y="0px"
    >
      <g
        id="Layer_8"
      >
        <path
          d="M62.5,7.2C31.9,7.2,7.2,31.9,7.2,62.5s24.8,55.3,55.3,55.3s55.3-24.8,55.3-55.3S93.1,7.2,62.5,7.2z M62.5,26.7c5.2,0,10.1,1.1,14.6,3.1L29.8,77.1c-2-4.5-3.1-9.4-3.1-14.6C26.7,42.7,42.7,26.7,62.5,26.7z M62.5,98.3c-5.2,0-10.1-1.1-14.6-3.1l47.3-47.3c2,4.5,3.1,9.4,3.1,14.6C98.3,82.3,82.3,98.3,62.5,98.3z"
          fill="#DC7627"
          stroke="#000000"
          strokeMiterlimit="10"
          strokeWidth="3"
        />
      </g>
    </svg>
  </button>
</div>
`;
