// Jest Snapshot v1, https://goo.gl/fbAQLP

exports[`VR Scene Tests should display the scene when all props are passed in 1`] = `
<a-scene
  className="vr-scene"
>
  <a-assets>
    <img
      alt="ceiling-texture"
      id="ceilingTexture"
      src="assets/CEILING_TILE.jpg"
    />
    <img
      alt="door-texture"
      id="doorTexture"
      src="assets/DOOR_TEX.png"
    />
    <img
      alt="fire-texture"
      id="fireTexture"
      src="assets/FIRE_TEXTURE.png"
    />
  </a-assets>
  <a-sky />
  <a-plane />
  <a-plane />
  <a-entity />
  <a-entity
    id="cameratp"
  />
  <a-entity>
    <a-plane />
  </a-entity>
  <a-entity>
    <a-plane />
  </a-entity>
  <a-entity>
    <a-plane />
  </a-entity>
  <a-entity>
    <a-plane />
  </a-entity>
  <a-entity>
    <a-plane />
  </a-entity>
  <a-entity>
    <a-plane />
  </a-entity>
  <a-entity>
    <a-plane />
  </a-entity>
  <a-entity>
    <a-plane />
  </a-entity>
  <a-entity>
    <a-plane />
  </a-entity>
</a-scene>
`;

exports[`VR Scene Tests should not render ceiling when in third person 1`] = `
<a-scene
  className="vr-scene"
>
  <a-assets>
    <img
      alt="ceiling-texture"
      id="ceilingTexture"
      src="assets/CEILING_TILE.jpg"
    />
    <img
      alt="door-texture"
      id="doorTexture"
      src="assets/DOOR_TEX.png"
    />
    <img
      alt="fire-texture"
      id="fireTexture"
      src="assets/FIRE_TEXTURE.png"
    />
  </a-assets>
  <a-sky />
  <a-plane />
  <a-entity />
  <a-entity
    id="cameratp"
  />
  <a-entity>
    <a-plane />
  </a-entity>
  <a-entity>
    <a-plane />
  </a-entity>
  <a-entity>
    <a-plane />
  </a-entity>
  <a-entity>
    <a-plane />
  </a-entity>
  <a-entity>
    <a-plane />
  </a-entity>
  <a-entity>
    <a-plane />
  </a-entity>
  <a-entity>
    <a-plane />
  </a-entity>
  <a-entity>
    <a-plane />
  </a-entity>
  <a-entity>
    <a-plane />
  </a-entity>
</a-scene>
`;

exports[`VR Scene Tests should render floor correctly if a selected asset is passed in 1`] = `
<a-scene
  className="vr-scene"
>
  <a-assets>
    <img
      alt="ceiling-texture"
      id="ceilingTexture"
      src="assets/CEILING_TILE.jpg"
    />
    <img
      alt="door-texture"
      id="doorTexture"
      src="assets/DOOR_TEX.png"
    />
    <img
      alt="fire-texture"
      id="fireTexture"
      src="assets/FIRE_TEXTURE.png"
    />
  </a-assets>
  <a-sky />
  <a-plane />
  <a-entity />
  <a-entity
    id="cameratp"
  />
  <a-entity>
    <a-plane />
  </a-entity>
  <a-entity>
    <a-plane />
  </a-entity>
  <a-entity>
    <a-plane />
  </a-entity>
  <a-entity>
    <a-plane />
  </a-entity>
  <a-entity>
    <a-plane />
  </a-entity>
  <a-entity>
    <a-plane />
  </a-entity>
  <a-entity>
    <a-plane />
  </a-entity>
  <a-entity>
    <a-plane />
  </a-entity>
  <a-entity>
    <a-plane />
  </a-entity>
</a-scene>
`;
