// Jest Snapshot v1, https://goo.gl/fbAQLP

exports[`HUD tests Should render loading when asset prop is not passed in 1`] = `null`;

exports[`HUD tests Should render loading when asset prop is not passed in 2`] = `null`;

exports[`HUD tests Should render loading when asset prop is not passed in 3`] = `null`;

exports[`HUD tests Should render loading when asset prop is not passed in 4`] = `null`;

exports[`HUD tests Should render loading when asset prop is not passed in 5`] = `null`;

exports[`HUD tests Should render loading when no props are passed in 1`] = `null`;

exports[`HUD tests should render third person correctly with selected asset 1`] = `null`;

exports[`HUD tests should render third person correctly without selected asset 1`] = `null`;
